
Running 1 test using 1 worker

[1A[2K[1/1] [chromium] › tests/scenarios_output_preview.spec.ts:5:3 › Output Preview Scenarios › Scenario: G2G automatic output preview
[1A[2K  1) [chromium] › tests/scenarios_output_preview.spec.ts:5:3 › Output Preview Scenarios › Scenario: G2G automatic output preview 

    Error: [2mexpect([22m[31mlocator[39m[2m).[22mtoBeVisible[2m([22m[2m)[22m failed

    Locator: locator('.pipeline-block').first()
    Expected: visible
    Timeout: 10000ms
    Error: element(s) not found

    Call log:
    [2m  - Expect "toBeVisible" with timeout 10000ms[22m
    [2m  - waiting for locator('.pipeline-block').first()[22m


       6 |     await page.goto('http://localhost:5173/flow-builder?new=1');
       7 |     const sourceNode = page.locator('.pipeline-block').first();
    >  8 |     await expect(sourceNode).toBeVisible({ timeout: 10000 });
         |                              ^
       9 |
      10 |     // 1. Open the upload modal from the source node
      11 |     await sourceNode.getByTestId('upload-button').click();
        at /Users/stevenwang/Documents/Coding/startup/Excel-automation/frontend/tests/scenarios_output_preview.spec.ts:8:30

    attachment #1: screenshot (image/png) ──────────────────────────────────────────────────────────
    test-results/scenarios_output_preview-O-d9a5e-2G-automatic-output-preview-chromium/test-failed-1.png
    ────────────────────────────────────────────────────────────────────────────────────────────────

    Error Context: test-results/scenarios_output_preview-O-d9a5e-2G-automatic-output-preview-chromium/error-context.md


[1A[2K  1 failed
    [chromium] › tests/scenarios_output_preview.spec.ts:5:3 › Output Preview Scenarios › Scenario: G2G automatic output preview 

To open last HTML report run:
[36m[39m
[36m  npx playwright show-report[39m
[36m[39m
